Mai 03, 2016 11:13:13 PM org.apache.catalina.core.ApplicationContext log
SCHWERWIEGEND: Servlet castart threw unload() exception
javax.servlet.ServletException: Servlet.destroy() for servlet castart threw exception
	at org.apache.catalina.core.StandardWrapper.unload(StandardWrapper.java:1507)
	at org.apache.catalina.core.StandardWrapper.stopInternal(StandardWrapper.java:1847)
	at org.apache.catalina.util.LifecycleBase.stop(LifecycleBase.java:232)
	at org.apache.catalina.core.StandardContext.stopInternal(StandardContext.java:5647)
	at org.apache.catalina.util.LifecycleBase.stop(LifecycleBase.java:232)
	at org.apache.catalina.core.ContainerBase.removeChild(ContainerBase.java:1028)
	at org.apache.catalina.startup.HostConfig.undeploy(HostConfig.java:1501)
	at org.apache.catalina.startup.HostConfig.checkResources(HostConfig.java:1428)
	at org.apache.catalina.startup.HostConfig.check(HostConfig.java:1649)
	at org.apache.catalina.startup.HostConfig.lifecycleEvent(HostConfig.java:328)
	at org.apache.catalina.util.LifecycleSupport.fireLifecycleEvent(LifecycleSupport.java:117)
	at org.apache.catalina.util.LifecycleBase.fireLifecycleEvent(LifecycleBase.java:90)
	at org.apache.catalina.core.ContainerBase.backgroundProcess(ContainerBase.java:1374)
	at org.apache.catalina.core.ContainerBase$ContainerBackgroundProcessor.processChildren(ContainerBase.java:1530)
	at org.apache.catalina.core.ContainerBase$ContainerBackgroundProcessor.processChildren(ContainerBase.java:1540)
	at org.apache.catalina.core.ContainerBase$ContainerBackgroundProcessor.run(ContainerBase.java:1519)
	at java.lang.Thread.run(Thread.java:745)
Caused by: java.lang.NullPointerException
	at com.netscape.cmscore.profile.LDAPProfileSubsystem.forgetAllProfiles(LDAPProfileSubsystem.java:254)
	at com.netscape.cmscore.profile.LDAPProfileSubsystem.shutdown(LDAPProfileSubsystem.java:250)
	at com.netscape.cmscore.apps.CMSEngine.shutdownSubsystems(CMSEngine.java:1859)
	at com.netscape.cmscore.apps.CMSEngine.shutdown(CMSEngine.java:1797)
	at com.netscape.certsrv.apps.CMS.shutdown(CMS.java:233)
	at com.netscape.cms.servlet.base.CMSStartServlet.destroy(CMSStartServlet.java:144)
	at sun.reflect.NativeMethodAccessorImpl.invoke0(Native Method)
	at sun.reflect.NativeMethodAccessorImpl.invoke(NativeMethodAccessorImpl.java:57)
	at sun.reflect.DelegatingMethodAccessorImpl.invoke(DelegatingMethodAccessorImpl.java:43)
	at java.lang.reflect.Method.invoke(Method.java:606)
	at org.apache.catalina.security.SecurityUtil$1.run(SecurityUtil.java:277)
	at org.apache.catalina.security.SecurityUtil$1.run(SecurityUtil.java:274)
	at java.security.AccessController.doPrivileged(Native Method)
	at javax.security.auth.Subject.doAsPrivileged(Subject.java:536)
	at org.apache.catalina.security.SecurityUtil.execute(SecurityUtil.java:309)
	at org.apache.catalina.security.SecurityUtil.doAsPrivilege(SecurityUtil.java:169)
	at org.apache.catalina.security.SecurityUtil.doAsPrivilege(SecurityUtil.java:101)
	at org.apache.catalina.core.StandardWrapper.unload(StandardWrapper.java:1480)
	... 16 more

Mai 03, 2016 9:15:46 PM org.apache.catalina.core.StandardWrapperValve invoke
SCHWERWIEGEND: Servlet.service() for servlet [Resteasy] in context with path [/ca] threw exception
org.jboss.resteasy.spi.UnhandledException: Failed to enable USN plugin: Property preop.internaldb.usn.ldif missing value
	at org.jboss.resteasy.core.ExceptionHandler.handleApplicationException(ExceptionHandler.java:76)
	at org.jboss.resteasy.core.ExceptionHandler.handleException(ExceptionHandler.java:212)
	at org.jboss.resteasy.core.SynchronousDispatcher.writeException(SynchronousDispatcher.java:149)
	at org.jboss.resteasy.core.SynchronousDispatcher.invoke(SynchronousDispatcher.java:372)
	at org.jboss.resteasy.core.SynchronousDispatcher.invoke(SynchronousDispatcher.java:179)
	at org.jboss.resteasy.plugins.server.servlet.ServletContainerDispatcher.service(ServletContainerDispatcher.java:220)
	at org.jboss.resteasy.plugins.server.servlet.HttpServletDispatcher.service(HttpServletDispatcher.java:56)
	at org.jboss.resteasy.plugins.server.servlet.HttpServletDispatcher.service(HttpServletDispatcher.java:51)
	at javax.servlet.http.HttpServlet.service(HttpServlet.java:727)
	at sun.reflect.NativeMethodAccessorImpl.invoke0(Native Method)
	at sun.reflect.NativeMethodAccessorImpl.invoke(NativeMethodAccessorImpl.java:57)
	at sun.reflect.DelegatingMethodAccessorImpl.invoke(DelegatingMethodAccessorImpl.java:43)
	at java.lang.reflect.Method.invoke(Method.java:606)
	at org.apache.catalina.security.SecurityUtil$1.run(SecurityUtil.java:277)
	at org.apache.catalina.security.SecurityUtil$1.run(SecurityUtil.java:274)
	at java.security.AccessController.doPrivileged(Native Method)
	at javax.security.auth.Subject.doAsPrivileged(Subject.java:536)
	at org.apache.catalina.security.SecurityUtil.execute(SecurityUtil.java:309)
	at org.apache.catalina.security.SecurityUtil.doAsPrivilege(SecurityUtil.java:169)
	at org.apache.catalina.core.ApplicationFilterChain.internalDoFilter(ApplicationFilterChain.java:297)
	at org.apache.catalina.core.ApplicationFilterChain.access$000(ApplicationFilterChain.java:55)
	at org.apache.catalina.core.ApplicationFilterChain$1.run(ApplicationFilterChain.java:191)
	at org.apache.catalina.core.ApplicationFilterChain$1.run(ApplicationFilterChain.java:187)
	at java.security.AccessController.doPrivileged(Native Method)
	at org.apache.catalina.core.ApplicationFilterChain.doFilter(ApplicationFilterChain.java:186)
	at org.apache.tomcat.websocket.server.WsFilter.doFilter(WsFilter.java:52)
	at sun.reflect.NativeMethodAccessorImpl.invoke0(Native Method)
	at sun.reflect.NativeMethodAccessorImpl.invoke(NativeMethodAccessorImpl.java:57)
	at sun.reflect.DelegatingMethodAccessorImpl.invoke(DelegatingMethodAccessorImpl.java:43)
	at java.lang.reflect.Method.invoke(Method.java:606)
	at org.apache.catalina.security.SecurityUtil$1.run(SecurityUtil.java:277)
	at org.apache.catalina.security.SecurityUtil$1.run(SecurityUtil.java:274)
	at java.security.AccessController.doPrivileged(Native Method)
	at javax.security.auth.Subject.doAsPrivileged(Subject.java:536)
	at org.apache.catalina.security.SecurityUtil.execute(SecurityUtil.java:309)
	at org.apache.catalina.security.SecurityUtil.doAsPrivilege(SecurityUtil.java:249)
	at org.apache.catalina.core.ApplicationFilterChain.internalDoFilter(ApplicationFilterChain.java:237)
	at org.apache.catalina.core.ApplicationFilterChain.access$000(ApplicationFilterChain.java:55)
	at org.apache.catalina.core.ApplicationFilterChain$1.run(ApplicationFilterChain.java:191)
	at org.apache.catalina.core.ApplicationFilterChain$1.run(ApplicationFilterChain.java:187)
	at java.security.AccessController.doPrivileged(Native Method)
	at org.apache.catalina.core.ApplicationFilterChain.doFilter(ApplicationFilterChain.java:186)
	at org.apache.catalina.core.StandardWrapperValve.invoke(StandardWrapperValve.java:220)
	at org.apache.catalina.core.StandardContextValve.invoke(StandardContextValve.java:122)
	at org.apache.catalina.authenticator.AuthenticatorBase.invoke(AuthenticatorBase.java:501)
	at org.apache.catalina.core.StandardHostValve.invoke(StandardHostValve.java:171)
	at org.apache.catalina.valves.ErrorReportValve.invoke(ErrorReportValve.java:102)
	at org.apache.catalina.valves.AccessLogValve.invoke(AccessLogValve.java:950)
	at org.apache.catalina.core.StandardEngineValve.invoke(StandardEngineValve.java:116)
	at org.apache.catalina.connector.CoyoteAdapter.service(CoyoteAdapter.java:408)
	at org.apache.coyote.http11.AbstractHttp11Processor.process(AbstractHttp11Processor.java:1040)
	at org.apache.coyote.AbstractProtocol$AbstractConnectionHandler.process(AbstractProtocol.java:607)
	at org.apache.tomcat.util.net.JIoEndpoint$SocketProcessor.run(JIoEndpoint.java:314)
	at java.util.concurrent.ThreadPoolExecutor.runWorker(ThreadPoolExecutor.java:1145)
	at java.util.concurrent.ThreadPoolExecutor$Worker.run(ThreadPoolExecutor.java:615)
	at org.apache.tomcat.util.threads.TaskThread$WrappingRunnable.run(TaskThread.java:61)
	at java.lang.Thread.run(Thread.java:745)
Caused by: Failed to enable USN plugin: Property preop.internaldb.usn.ldif missing value
	at com.netscape.cms.servlet.csadmin.ConfigurationUtils.enableUSNPlugin(ConfigurationUtils.java:1297)
	at org.dogtagpki.server.rest.SystemConfigService.initializeDatabase(SystemConfigService.java:748)
	at org.dogtagpki.server.ca.rest.CAInstallerService.initializeDatabase(CAInstallerService.java:98)
	at org.dogtagpki.server.rest.SystemConfigService.configure(SystemConfigService.java:179)
	at org.dogtagpki.server.rest.SystemConfigService.configure(SystemConfigService.java:121)
	at sun.reflect.NativeMethodAccessorImpl.invoke0(Native Method)
	at sun.reflect.NativeMethodAccessorImpl.invoke(NativeMethodAccessorImpl.java:57)
	at sun.reflect.DelegatingMethodAccessorImpl.invoke(DelegatingMethodAccessorImpl.java:43)
	at java.lang.reflect.Method.invoke(Method.java:606)
	at org.jboss.resteasy.core.MethodInjectorImpl.invoke(MethodInjectorImpl.java:137)
	at org.jboss.resteasy.core.ResourceMethodInvoker.invokeOnTarget(ResourceMethodInvoker.java:280)
	at org.jboss.resteasy.core.ResourceMethodInvoker.invoke(ResourceMethodInvoker.java:234)
	at org.jboss.resteasy.core.ResourceMethodInvoker.invoke(ResourceMethodInvoker.java:221)
	at org.jboss.resteasy.core.SynchronousDispatcher.invoke(SynchronousDispatcher.java:356)
	... 53 more
Caused by: Property preop.internaldb.usn.ldif missing value
	at com.netscape.cmscore.base.PropConfigStore.getString(PropConfigStore.java:258)
	at com.netscape.cms.servlet.csadmin.ConfigurationUtils.importLDIFS(ConfigurationUtils.java:1654)
	at com.netscape.cms.servlet.csadmin.ConfigurationUtils.importLDIFS(ConfigurationUtils.java:1646)
	at com.netscape.cms.servlet.csadmin.ConfigurationUtils.enableUSNPlugin(ConfigurationUtils.java:1294)
	... 66 more

