Jan 9, 2015 1:21:33 PM org.apache.catalina.core.StandardContext loadOnStartup
SEVERE: Servlet /ca threw load() exception
java.lang.NoSuchMethodError
        at java.lang.Thread.destroy(Thread.java:1001)
        at com.netscape.cmscore.dbs.CertificateRepository.shutdown(CertificateRepository.java:1892)
        at com.netscape.ca.CertificateAuthority.shutdown(CertificateAuthority.java:492)
        at com.netscape.cmscore.apps.CMSEngine.shutdownSubsystems(CMSEngine.java:1616)
        at com.netscape.cmscore.apps.CMSEngine.shutdown(CMSEngine.java:1559)
        at com.netscape.certsrv.apps.CMS.shutdown(CMS.java:199)
        at com.netscape.cmscore.selftests.SelfTestSubsystem.runSelfTestsAtStartup(SelfTestSubsystem.java:892)
        at com.netscape.cmscore.selftests.SelfTestSubsystem.startup(SelfTestSubsystem.java:1859)
        at com.netscape.cmscore.apps.CMSEngine.startupSubsystems(CMSEngine.java:1464)
        at com.netscape.cmscore.apps.CMSEngine.startup(CMSEngine.java:908)
        at com.netscape.certsrv.apps.CMS.startup(CMS.java:166)
        at com.netscape.certsrv.apps.CMS.start(CMS.java:1531)
        at com.netscape.cms.servlet.base.CMSStartServlet.init(CMSStartServlet.java:85)
        at org.apache.catalina.core.StandardWrapper.loadServlet(StandardWrapper.java:1173)
        at org.apache.catalina.core.StandardWrapper.load(StandardWrapper.java:993)
        at org.apache.catalina.core.StandardContext.loadOnStartup(StandardContext.java:4425)
        at org.apache.catalina.core.StandardContext.start(StandardContext.java:4738)
        at org.apache.catalina.core.ContainerBase.addChildInternal(ContainerBase.java:791)
        at org.apache.catalina.core.ContainerBase.addChild(ContainerBase.java:771)
        at org.apache.catalina.core.StandardHost.addChild(StandardHost.java:526)
        at org.apache.catalina.startup.HostConfig.deployDirectory(HostConfig.java:1041)
        at org.apache.catalina.startup.HostConfig.deployDirectories(HostConfig.java:964)
        at org.apache.catalina.startup.HostConfig.deployApps(HostConfig.java:502)
        at org.apache.catalina.startup.HostConfig.start(HostConfig.java:1277)
        at org.apache.catalina.startup.HostConfig.lifecycleEvent(HostConfig.java:321)
        at org.apache.catalina.util.LifecycleSupport.fireLifecycleEvent(LifecycleSupport.java:142)
        at org.apache.catalina.core.ContainerBase.start(ContainerBase.java:1053)
        at org.apache.catalina.core.StandardHost.start(StandardHost.java:722)
        at org.apache.catalina.core.ContainerBase.start(ContainerBase.java:1045)
        at org.apache.catalina.core.StandardEngine.start(StandardEngine.java:443)
        at org.apache.catalina.core.StandardService.start(StandardService.java:516)
        at org.apache.catalina.core.StandardServer.start(StandardServer.java:710)
        at org.apache.catalina.startup.Catalina.start(Catalina.java:593)
        at sun.reflect.NativeMethodAccessorImpl.invoke0(Native Method)
        at sun.reflect.NativeMethodAccessorImpl.invoke(NativeMethodAccessorImpl.java:57)
        at sun.reflect.DelegatingMethodAccessorImpl.invoke(DelegatingMethodAccessorImpl.java:43)
        at java.lang.reflect.Method.invoke(Method.java:622)
        at org.apache.catalina.startup.Bootstrap.start(Bootstrap.java:289)
        at org.apache.catalina.startup.Bootstrap.main(Bootstrap.java:414)
Jan 9, 2015 1:21:40 PM org.apache.catalina.core.StandardWrapperValve invoke
SEVERE: Servlet.service() for servlet caDisplayBySerial-agent threw exception
java.io.IOException: CS server is not ready to serve.
        at com.netscape.cms.servlet.base.CMSServlet.service(CMSServlet.java:441)
        at javax.servlet.http.HttpServlet.service(HttpServlet.java:717)
        at org.apache.catalina.core.ApplicationFilterChain.internalDoFilter(ApplicationFilterChain.java:290)
        at org.apache.catalina.core.ApplicationFilterChain.doFilter(ApplicationFilterChain.java:206)
        at com.netscape.cms.servlet.filter.AgentRequestFilter.doFilter(AgentRequestFilter.java:124)
        at org.apache.catalina.core.ApplicationFilterChain.internalDoFilter(ApplicationFilterChain.java:235)
        at org.apache.catalina.core.ApplicationFilterChain.doFilter(ApplicationFilterChain.java:206)
        at org.apache.catalina.core.StandardWrapperValve.invoke(StandardWrapperValve.java:233)
        at org.apache.catalina.core.StandardContextValve.invoke(StandardContextValve.java:191)
        at org.apache.catalina.core.StandardHostValve.invoke(StandardHostValve.java:127)
        at org.apache.catalina.valves.ErrorReportValve.invoke(ErrorReportValve.java:102)
        at org.apache.catalina.core.StandardEngineValve.invoke(StandardEngineValve.java:109)
        at org.apache.catalina.connector.CoyoteAdapter.service(CoyoteAdapter.java:298)
        at org.apache.jk.server.JkCoyoteHandler.invoke(JkCoyoteHandler.java:190)
        at org.apache.jk.common.HandlerRequest.invoke(HandlerRequest.java:291)
        at org.apache.jk.common.ChannelSocket.invoke(ChannelSocket.java:769)
        at org.apache.jk.common.ChannelSocket.processConnection(ChannelSocket.java:698)
        at org.apache.jk.common.ChannelSocket$SocketConnection.runIt(ChannelSocket.java:891)
        at org.apache.tomcat.util.threads.ThreadPool$ControlRunnable.run(ThreadPool.java:690)
        at java.lang.Thread.run(Thread.java:701)
Jan 9, 2015 1:21:40 PM org.apache.catalina.core.StandardWrapperValve invoke
SEVERE: Servlet.service() for servlet caDisplayBySerial-agent threw exception
java.io.IOException: CS server is not ready to serve.
        at com.netscape.cms.servlet.base.CMSServlet.service(CMSServlet.java:441)
        at javax.servlet.http.HttpServlet.service(HttpServlet.java:717)
        at org.apache.catalina.core.ApplicationFilterChain.internalDoFilter(ApplicationFilterChain.java:290)
        at org.apache.catalina.core.ApplicationFilterChain.doFilter(ApplicationFilterChain.java:206)
        at com.netscape.cms.servlet.filter.AgentRequestFilter.doFilter(AgentRequestFilter.java:124)
        at org.apache.catalina.core.ApplicationFilterChain.internalDoFilter(ApplicationFilterChain.java:235)
        at org.apache.catalina.core.ApplicationFilterChain.doFilter(ApplicationFilterChain.java:206)
        at org.apache.catalina.core.StandardWrapperValve.invoke(StandardWrapperValve.java:233)
        at org.apache.catalina.core.StandardContextValve.invoke(StandardContextValve.java:191)
        at org.apache.catalina.core.StandardHostValve.invoke(StandardHostValve.java:127)
        at org.apache.catalina.valves.ErrorReportValve.invoke(ErrorReportValve.java:102)
        at org.apache.catalina.core.StandardEngineValve.invoke(StandardEngineValve.java:109)
        at org.apache.catalina.connector.CoyoteAdapter.service(CoyoteAdapter.java:298)
        at org.apache.jk.server.JkCoyoteHandler.invoke(JkCoyoteHandler.java:190)
        at org.apache.jk.common.HandlerRequest.invoke(HandlerRequest.java:291)
        at org.apache.jk.common.ChannelSocket.invoke(ChannelSocket.java:769)
        at org.apache.jk.common.ChannelSocket.processConnection(ChannelSocket.java:698)
        at org.apache.jk.common.ChannelSocket$SocketConnection.runIt(ChannelSocket.java:891)
        at org.apache.tomcat.util.threads.ThreadPool$ControlRunnable.run(ThreadPool.java:690)
        at java.lang.Thread.run(Thread.java:701)
Jan 9, 2015 1:21:40 PM org.apache.catalina.core.StandardWrapperValve invoke
SEVERE: Servlet.service() for servlet caDisplayBySerial-agent threw exception
java.io.IOException: CS server is not ready to serve.
        at com.netscape.cms.servlet.base.CMSServlet.service(CMSServlet.java:441)
        at javax.servlet.http.HttpServlet.service(HttpServlet.java:717)
        at org.apache.catalina.core.ApplicationFilterChain.internalDoFilter(ApplicationFilterChain.java:290)
        at org.apache.catalina.core.ApplicationFilterChain.doFilter(ApplicationFilterChain.java:206)
        at com.netscape.cms.servlet.filter.AgentRequestFilter.doFilter(AgentRequestFilter.java:124)
        at org.apache.catalina.core.ApplicationFilterChain.internalDoFilter(ApplicationFilterChain.java:235)
        at org.apache.catalina.core.ApplicationFilterChain.doFilter(ApplicationFilterChain.java:206)
        at org.apache.catalina.core.StandardWrapperValve.invoke(StandardWrapperValve.java:233)
        at org.apache.catalina.core.StandardContextValve.invoke(StandardContextValve.java:191)
        at org.apache.catalina.core.StandardHostValve.invoke(StandardHostValve.java:127)
        at org.apache.catalina.valves.ErrorReportValve.invoke(ErrorReportValve.java:102)
        at org.apache.catalina.core.StandardEngineValve.invoke(StandardEngineValve.java:109)
        at org.apache.catalina.connector.CoyoteAdapter.service(CoyoteAdapter.java:298)
        at org.apache.jk.server.JkCoyoteHandler.invoke(JkCoyoteHandler.java:190)
        at org.apache.jk.common.HandlerRequest.invoke(HandlerRequest.java:291)
        at org.apache.jk.common.ChannelSocket.invoke(ChannelSocket.java:769)
        at org.apache.jk.common.ChannelSocket.processConnection(ChannelSocket.java:698)
        at org.apache.jk.common.ChannelSocket$SocketConnection.runIt(ChannelSocket.java:891)
        at org.apache.tomcat.util.threads.ThreadPool$ControlRunnable.run(ThreadPool.java:690)
        at java.lang.Thread.run(Thread.java:701)

