Jan 9, 2015 1:21:27 PM org.apache.catalina.core.AprLifecycleListener init
INFO: The APR based Apache Tomcat Native library which allows optimal performance in production environments was not found on the java.library.path: /usr/java/packages/lib/amd64:/usr/lib64:/lib64:/lib:/usr/
lib
Jan 9, 2015 1:21:27 PM org.apache.coyote.http11.Http11Protocol init
INFO: Initializing Coyote HTTP/1.1 on http-9180
JSSSocketFactory init - exception thrown:java.lang.NullPointerException

Jan 9, 2015 1:21:27 PM org.apache.coyote.http11.Http11Protocol init
INFO: Initializing Coyote HTTP/1.1 on http-9443
JSSSocketFactory init - exception thrown:java.lang.NullPointerException

Jan 9, 2015 1:21:27 PM org.apache.coyote.http11.Http11Protocol init
INFO: Initializing Coyote HTTP/1.1 on http-9445
JSSSocketFactory init - exception thrown:java.lang.NullPointerException

Jan 9, 2015 1:21:27 PM org.apache.coyote.http11.Http11Protocol init
INFO: Initializing Coyote HTTP/1.1 on http-9444
JSSSocketFactory init - exception thrown:java.lang.NullPointerException

Jan 9, 2015 1:21:28 PM org.apache.coyote.http11.Http11Protocol init
INFO: Initializing Coyote HTTP/1.1 on http-9446
Jan 9, 2015 1:21:28 PM org.apache.catalina.startup.Catalina load
INFO: Initialization processed in 1350 ms
Jan 9, 2015 1:21:28 PM org.apache.catalina.core.StandardService start
INFO: Starting service Catalina
Jan 9, 2015 1:21:28 PM org.apache.catalina.core.StandardEngine start
INFO: Starting Servlet Engine: Apache Tomcat/6.0.24
Jan 9, 2015 1:21:28 PM org.apache.catalina.startup.HostConfig deployDirectory
INFO: Deploying web application directory ROOT
Jan 9, 2015 1:21:28 PM org.apache.catalina.startup.HostConfig deployDirectory
INFO: Deploying web application directory ca
64-bit osutil library loaded
64-bit osutil library loaded
Jan 9, 2015 1:21:33 PM org.apache.coyote.http11.Http11Protocol start
INFO: Starting Coyote HTTP/1.1 on http-9180
Jan 9, 2015 1:21:33 PM org.apache.coyote.http11.Http11Protocol start
INFO: Starting Coyote HTTP/1.1 on http-9443
Jan 9, 2015 1:21:33 PM org.apache.coyote.http11.Http11Protocol start
INFO: Starting Coyote HTTP/1.1 on http-9445
Jan 9, 2015 1:21:33 PM org.apache.coyote.http11.Http11Protocol start
INFO: Starting Coyote HTTP/1.1 on http-9444
Jan 9, 2015 1:21:33 PM org.apache.coyote.http11.Http11Protocol start
INFO: Starting Coyote HTTP/1.1 on http-9446
Jan 9, 2015 1:21:33 PM org.apache.jk.common.ChannelSocket init
INFO: JK: ajp13 listening on /0.0.0.0:9447
Jan 9, 2015 1:21:33 PM org.apache.jk.server.JkMain start
INFO: Jk running ID=0 time=0/18  config=null
Jan 9, 2015 1:21:33 PM org.apache.catalina.startup.Catalina start
INFO: Server startup in 5646 ms
